[0m22:14:39.417756 [debug] [MainThread]: Sending event: {'category': 'dbt', 'action': 'invocation', 'label': 'start', 'context': [<snowplow_tracker.self_describing_json.SelfDescribingJson object at 0x000001CE3A509160>, <snowplow_tracker.self_describing_json.SelfDescribingJson object at 0x000001CE3C84FED0>, <snowplow_tracker.self_describing_json.SelfDescribingJson object at 0x000001CE3C84F9D0>]}


============================== 22:14:39.425445 | c4002966-ef08-4254-b9fd-a6bd31ad3cad ==============================
[0m22:14:39.425445 [info ] [MainThread]: Running with dbt=1.11.6
[0m22:14:39.426151 [debug] [MainThread]: running dbt with arguments {'static_parser': 'True', 'no_print': 'None', 'version_check': 'True', 'target_path': 'None', 'warn_error_options': 'WarnErrorOptionsV2(error=[], warn=[], silence=[])', 'printer_width': '80', 'write_json': 'True', 'introspect': 'True', 'log_cache_events': 'False', 'empty': 'None', 'cache_selected_only': 'False', 'fail_fast': 'False', 'debug': 'False', 'log_format': 'default', 'partial_parse': 'True', 'send_anonymous_usage_stats': 'True', 'quiet': 'False', 'warn_error': 'None', 'profiles_dir': 'C:\\Users\\fsafi\\.dbt', 'invocation_command': 'dbt init dbt_project', 'indirect_selection': 'eager', 'use_colors': 'True', 'use_experimental_parser': 'False', 'log_path': 'logs'}
[0m22:14:39.486672 [debug] [MainThread]: Starter project path: C:\Users\fsafi\personal_project\air_traffic_project\venv\Lib\site-packages\dbt\include\starter_project
[0m22:14:39.524541 [info ] [MainThread]: 
Your new dbt project "dbt_project" was created!

For more information on how to configure the profiles.yml file,
please consult the dbt documentation here:

  https://docs.getdbt.com/docs/configure-your-profile

One more thing:

Need help? Don't hesitate to reach out to us via GitHub issues or on Slack:

  https://community.getdbt.com/

Happy modeling!

[0m22:14:39.526330 [info ] [MainThread]: Setting up your profile.
[0m22:14:49.644980 [debug] [MainThread]: Spark adapter: Setting pyhive.hive logging to ERROR
[0m22:14:49.645871 [debug] [MainThread]: Spark adapter: Setting thrift.transport logging to ERROR
[0m22:14:49.646586 [debug] [MainThread]: Spark adapter: Setting thrift.protocol logging to ERROR
[0m22:22:02.930341 [info ] [MainThread]: Profile dbt_project written to C:\Users\fsafi\.dbt\profiles.yml using target's profile_template.yml and your supplied values. Run 'dbt debug' to validate the connection.
[0m22:22:03.000282 [debug] [MainThread]: Command `dbt init` succeeded at 22:22:02.998761 after 443.85 seconds
[0m22:22:03.006404 [debug] [MainThread]: Sending event: {'category': 'dbt', 'action': 'invocation', 'label': 'end', 'context': [<snowplow_tracker.self_describing_json.SelfDescribingJson object at 0x000001CE3C862C40>, <snowplow_tracker.self_describing_json.SelfDescribingJson object at 0x000001CE3E3DDC70>, <snowplow_tracker.self_describing_json.SelfDescribingJson object at 0x000001CE3E033570>]}
[0m22:22:03.010401 [debug] [MainThread]: Flushing usage events
[0m22:22:03.781074 [debug] [MainThread]: An error was encountered while trying to flush usage events
[0m22:22:16.187256 [debug] [MainThread]: Sending event: {'category': 'dbt', 'action': 'invocation', 'label': 'start', 'context': [<snowplow_tracker.self_describing_json.SelfDescribingJson object at 0x0000027E7FA4D160>, <snowplow_tracker.self_describing_json.SelfDescribingJson object at 0x0000027E01E4FED0>, <snowplow_tracker.self_describing_json.SelfDescribingJson object at 0x0000027E01E4F9D0>]}


============================== 22:22:16.191964 | 5b6f8c0f-e2ef-4669-9f14-187bfb17dda9 ==============================
[0m22:22:16.191964 [info ] [MainThread]: Running with dbt=1.11.6
[0m22:22:16.192583 [debug] [MainThread]: running dbt with arguments {'version_check': 'True', 'no_print': 'None', 'static_parser': 'True', 'warn_error_options': 'WarnErrorOptionsV2(error=[], warn=[], silence=[])', 'target_path': 'None', 'printer_width': '80', 'write_json': 'True', 'empty': 'None', 'log_cache_events': 'False', 'introspect': 'True', 'cache_selected_only': 'False', 'fail_fast': 'False', 'debug': 'False', 'log_format': 'default', 'partial_parse': 'True', 'send_anonymous_usage_stats': 'True', 'quiet': 'False', 'warn_error': 'None', 'profiles_dir': 'C:\\Users\\fsafi\\.dbt', 'use_colors': 'True', 'indirect_selection': 'eager', 'invocation_command': 'dbt debug', 'use_experimental_parser': 'False', 'log_path': 'logs'}
[0m22:22:16.225262 [info ] [MainThread]: dbt version: 1.11.6
[0m22:22:16.226274 [info ] [MainThread]: python version: 3.13.12
[0m22:22:16.226973 [info ] [MainThread]: python path: C:\Users\fsafi\personal_project\air_traffic_project\venv\Scripts\python.exe
[0m22:22:16.227425 [info ] [MainThread]: os info: Windows-11-10.0.26200-SP0
[0m22:22:17.132861 [debug] [MainThread]: Spark adapter: Setting pyhive.hive logging to ERROR
[0m22:22:17.133236 [debug] [MainThread]: Spark adapter: Setting thrift.transport logging to ERROR
[0m22:22:17.133487 [debug] [MainThread]: Spark adapter: Setting thrift.protocol logging to ERROR
[0m22:22:17.934547 [info ] [MainThread]: Using profiles dir at C:\Users\fsafi\.dbt
[0m22:22:17.935498 [info ] [MainThread]: Using profiles.yml file at C:\Users\fsafi\.dbt\profiles.yml
[0m22:22:17.935945 [info ] [MainThread]: Using dbt_project.yml file at C:\Users\fsafi\personal_project\air_traffic_project\dbt_project.yml
[0m22:22:17.936407 [info ] [MainThread]: adapter type: databricks
[0m22:22:17.936852 [info ] [MainThread]: adapter version: 1.11.6
[0m22:22:17.937267 [info ] [MainThread]: Configuration:
[0m22:22:17.937601 [info ] [MainThread]:   profiles.yml file [[32mOK found and valid[0m]
[0m22:22:17.937945 [info ] [MainThread]:   dbt_project.yml file [[31mERROR not found[0m]
[0m22:22:17.938257 [info ] [MainThread]: Required dependencies:
[0m22:22:17.938575 [debug] [MainThread]: Executing "git --help"
[0m22:22:17.971104 [debug] [MainThread]: STDOUT: "b"usage: git [-v | --version] [-h | --help] [-C <path>] [-c <name>=<value>]\n           [--exec-path[=<path>]] [--html-path] [--man-path] [--info-path]\n           [-p | --paginate | -P | --no-pager] [--no-replace-objects] [--no-lazy-fetch]\n           [--no-optional-locks] [--no-advice] [--bare] [--git-dir=<path>]\n           [--work-tree=<path>] [--namespace=<name>] [--config-env=<name>=<envvar>]\n           <command> [<args>]\n\nThese are common Git commands used in various situations:\n\nstart a working area (see also: git help tutorial)\n   clone      Clone a repository into a new directory\n   init       Create an empty Git repository or reinitialize an existing one\n\nwork on the current change (see also: git help everyday)\n   add        Add file contents to the index\n   mv         Move or rename a file, a directory, or a symlink\n   restore    Restore working tree files\n   rm         Remove files from the working tree and from the index\n\nexamine the history and state (see also: git help revisions)\n   bisect     Use binary search to find the commit that introduced a bug\n   diff       Show changes between commits, commit and working tree, etc\n   grep       Print lines matching a pattern\n   log        Show commit logs\n   show       Show various types of objects\n   status     Show the working tree status\n\ngrow, mark and tweak your common history\n   backfill   Download missing objects in a partial clone\n   branch     List, create, or delete branches\n   commit     Record changes to the repository\n   merge      Join two or more development histories together\n   rebase     Reapply commits on top of another base tip\n   reset      Set `HEAD` or the index to a known state\n   switch     Switch branches\n   tag        Create, list, delete or verify tags\n\ncollaborate (see also: git help workflows)\n   fetch      Download objects and refs from another repository\n   pull       Fetch from and integrate with another repository or a local branch\n   push       Update remote refs along with associated objects\n\n'git help -a' and 'git help -g' list available subcommands and some\nconcept guides. See 'git help <command>' or 'git help <concept>'\nto read about a specific subcommand or concept.\nSee 'git help git' for an overview of the system.\n""
[0m22:22:17.975291 [debug] [MainThread]: STDERR: "b''"
[0m22:22:17.977703 [info ] [MainThread]:  - git [[32mOK found[0m]

[0m22:22:17.978805 [info ] [MainThread]: Connection:
[0m22:22:17.979713 [info ] [MainThread]:   host: dbc-25789958-4483.cloud.databricks.com
[0m22:22:17.980408 [info ] [MainThread]:   http_path: /sql/1.0/warehouses/b3841c833f1dcec4
[0m22:22:17.980985 [info ] [MainThread]:   catalog: personal_project
[0m22:22:17.981568 [info ] [MainThread]:   schema: air_traffic_data
[0m22:22:17.983527 [info ] [MainThread]: Registered adapter: databricks=1.11.6
[0m22:22:18.351908 [warn ] [MainThread]: [[33mWARNING[0m]: Use managed Iceberg tables when table_format is iceberg. When this flag is disabled, UniForm is used instead.
You may opt into the new behavior sooner by setting `flags.use_managed_iceberg` to `True` in `dbt_project.yml`.
Visit https://docs.getdbt.com/reference/global-configs/behavior-changes for more information.
[0m22:22:18.353336 [debug] [MainThread]: Sending event: {'category': 'dbt', 'action': 'BehaviorChangeEvent', 'label': '5b6f8c0f-e2ef-4669-9f14-187bfb17dda9', 'context': [<snowplow_tracker.self_describing_json.SelfDescribingJson object at 0x0000027E269C4C30>]}
[0m22:22:18.353822 [debug] [MainThread]: Databricks adapter: DatabricksDBTConnection(session-id=None, name=debug) - Creating connection
[0m22:22:18.354050 [debug] [MainThread]: Acquiring new databricks connection 'debug'
[0m22:22:18.354249 [debug] [MainThread]: Using databricks connection "debug"
[0m22:22:18.354436 [debug] [MainThread]: On debug: select 1 as id
[0m22:22:18.354610 [debug] [MainThread]: Opening a new connection, currently in state init
[0m22:22:21.976939 [error] [MainThread]: databricks-sql-connector adapter: ThriftBackend.attempt_request: Exception: %s
[0m22:22:22.000990 [error] [MainThread]: Databricks adapter: Connection(session-id=Unknown) - Exception while trying to create connection: Error during request to server: : Invalid access token.. 
Error properties: attempt=1/30, bounded-retry-delay=None, elapsed-seconds=3.5691325664520264/900.0, error-message=: Invalid access token., http-code=403, method=OpenSession, no-retry-reason=non-retryable error, original-exception=, query-id=None, session-id=None
[0m22:22:22.003184 [debug] [MainThread]: Databricks adapter: Exception while trying to execute query
select 1 as id
: Database Error
  Error during request to server: : Invalid access token.. 
[0m22:22:22.003550 [debug] [MainThread]: On debug: No close available on handle
[0m22:22:22.003771 [info ] [MainThread]:   Connection test: [[31mERROR[0m]

[0m22:22:22.006878 [info ] [MainThread]: [31m2 checks failed:[0m
[0m22:22:22.007972 [info ] [MainThread]: Project loading failed for the following reason:
 project path <C:\Users\fsafi\personal_project\air_traffic_project\dbt_project.yml> not found

[0m22:22:22.008732 [info ] [MainThread]: dbt was unable to connect to the specified database.
The database returned the following error:

  >Database Error
  Database Error
    Error during request to server: : Invalid access token.. 

Check your database credentials and try again. For more information, visit:
https://docs.getdbt.com/docs/configure-your-profile


[0m22:22:22.015245 [debug] [MainThread]: Command `dbt debug` failed at 22:22:22.014522 after 6.12 seconds
[0m22:22:22.017086 [debug] [MainThread]: Sending event: {'category': 'dbt', 'action': 'invocation', 'label': 'end', 'context': [<snowplow_tracker.self_describing_json.SelfDescribingJson object at 0x0000027E269597B0>, <snowplow_tracker.self_describing_json.SelfDescribingJson object at 0x0000027E2695A140>, <snowplow_tracker.self_describing_json.SelfDescribingJson object at 0x0000027E2688F950>]}
[0m22:22:22.018517 [debug] [MainThread]: Flushing usage events
[0m22:22:23.000975 [debug] [MainThread]: An error was encountered while trying to flush usage events
[0m22:26:34.053442 [debug] [MainThread]: Sending event: {'category': 'dbt', 'action': 'invocation', 'label': 'start', 'context': [<snowplow_tracker.self_describing_json.SelfDescribingJson object at 0x000001F40939D160>, <snowplow_tracker.self_describing_json.SelfDescribingJson object at 0x000001F40A6FBED0>, <snowplow_tracker.self_describing_json.SelfDescribingJson object at 0x000001F40A6FBC50>]}


============================== 22:26:34.058243 | b6feaee7-8ff2-4a70-852c-a679f3dbe814 ==============================
[0m22:26:34.058243 [info ] [MainThread]: Running with dbt=1.11.6
[0m22:26:34.058955 [debug] [MainThread]: running dbt with arguments {'version_check': 'True', 'no_print': 'None', 'static_parser': 'True', 'warn_error_options': 'WarnErrorOptionsV2(error=[], warn=[], silence=[])', 'target_path': 'None', 'printer_width': '80', 'write_json': 'True', 'introspect': 'True', 'log_cache_events': 'False', 'empty': 'None', 'cache_selected_only': 'False', 'fail_fast': 'False', 'debug': 'False', 'log_format': 'default', 'profiles_dir': 'C:\\Users\\fsafi\\.dbt', 'send_anonymous_usage_stats': 'True', 'quiet': 'False', 'warn_error': 'None', 'partial_parse': 'True', 'indirect_selection': 'eager', 'use_colors': 'True', 'invocation_command': 'dbt debug', 'use_experimental_parser': 'False', 'log_path': 'logs'}
[0m22:26:34.069196 [info ] [MainThread]: dbt version: 1.11.6
[0m22:26:34.069774 [info ] [MainThread]: python version: 3.13.12
[0m22:26:34.070116 [info ] [MainThread]: python path: C:\Users\fsafi\personal_project\air_traffic_project\venv\Scripts\python.exe
[0m22:26:34.070372 [info ] [MainThread]: os info: Windows-11-10.0.26200-SP0
[0m22:26:34.830677 [debug] [MainThread]: Spark adapter: Setting pyhive.hive logging to ERROR
[0m22:26:34.831122 [debug] [MainThread]: Spark adapter: Setting thrift.transport logging to ERROR
[0m22:26:34.831381 [debug] [MainThread]: Spark adapter: Setting thrift.protocol logging to ERROR
[0m22:26:35.358194 [info ] [MainThread]: Using profiles dir at C:\Users\fsafi\.dbt
[0m22:26:35.359019 [info ] [MainThread]: Using profiles.yml file at C:\Users\fsafi\.dbt\profiles.yml
[0m22:26:35.359429 [info ] [MainThread]: Using dbt_project.yml file at C:\Users\fsafi\personal_project\air_traffic_project\dbt_project.yml
[0m22:26:35.360005 [info ] [MainThread]: adapter type: databricks
[0m22:26:35.360447 [info ] [MainThread]: adapter version: 1.11.6
[0m22:26:35.361074 [info ] [MainThread]: Configuration:
[0m22:26:35.361464 [info ] [MainThread]:   profiles.yml file [[32mOK found and valid[0m]
[0m22:26:35.362083 [info ] [MainThread]:   dbt_project.yml file [[31mERROR not found[0m]
[0m22:26:35.362479 [info ] [MainThread]: Required dependencies:
[0m22:26:35.362774 [debug] [MainThread]: Executing "git --help"
[0m22:26:35.384997 [debug] [MainThread]: STDOUT: "b"usage: git [-v | --version] [-h | --help] [-C <path>] [-c <name>=<value>]\n           [--exec-path[=<path>]] [--html-path] [--man-path] [--info-path]\n           [-p | --paginate | -P | --no-pager] [--no-replace-objects] [--no-lazy-fetch]\n           [--no-optional-locks] [--no-advice] [--bare] [--git-dir=<path>]\n           [--work-tree=<path>] [--namespace=<name>] [--config-env=<name>=<envvar>]\n           <command> [<args>]\n\nThese are common Git commands used in various situations:\n\nstart a working area (see also: git help tutorial)\n   clone      Clone a repository into a new directory\n   init       Create an empty Git repository or reinitialize an existing one\n\nwork on the current change (see also: git help everyday)\n   add        Add file contents to the index\n   mv         Move or rename a file, a directory, or a symlink\n   restore    Restore working tree files\n   rm         Remove files from the working tree and from the index\n\nexamine the history and state (see also: git help revisions)\n   bisect     Use binary search to find the commit that introduced a bug\n   diff       Show changes between commits, commit and working tree, etc\n   grep       Print lines matching a pattern\n   log        Show commit logs\n   show       Show various types of objects\n   status     Show the working tree status\n\ngrow, mark and tweak your common history\n   backfill   Download missing objects in a partial clone\n   branch     List, create, or delete branches\n   commit     Record changes to the repository\n   merge      Join two or more development histories together\n   rebase     Reapply commits on top of another base tip\n   reset      Set `HEAD` or the index to a known state\n   switch     Switch branches\n   tag        Create, list, delete or verify tags\n\ncollaborate (see also: git help workflows)\n   fetch      Download objects and refs from another repository\n   pull       Fetch from and integrate with another repository or a local branch\n   push       Update remote refs along with associated objects\n\n'git help -a' and 'git help -g' list available subcommands and some\nconcept guides. See 'git help <command>' or 'git help <concept>'\nto read about a specific subcommand or concept.\nSee 'git help git' for an overview of the system.\n""
[0m22:26:35.385970 [debug] [MainThread]: STDERR: "b''"
[0m22:26:35.386366 [info ] [MainThread]:  - git [[32mOK found[0m]

[0m22:26:35.388436 [info ] [MainThread]: Connection:
[0m22:26:35.389747 [info ] [MainThread]:   host: dbc-25789958-4483.cloud.databricks.com
[0m22:26:35.390672 [info ] [MainThread]:   http_path: /sql/1.0/warehouses/b3841c833f1dcec4
[0m22:26:35.391214 [info ] [MainThread]:   catalog: personal_project
[0m22:26:35.391782 [info ] [MainThread]:   schema: air_traffic_data
[0m22:26:35.392394 [info ] [MainThread]: Registered adapter: databricks=1.11.6
[0m22:26:35.615785 [warn ] [MainThread]: [[33mWARNING[0m]: Use managed Iceberg tables when table_format is iceberg. When this flag is disabled, UniForm is used instead.
You may opt into the new behavior sooner by setting `flags.use_managed_iceberg` to `True` in `dbt_project.yml`.
Visit https://docs.getdbt.com/reference/global-configs/behavior-changes for more information.
[0m22:26:35.616724 [debug] [MainThread]: Sending event: {'category': 'dbt', 'action': 'BehaviorChangeEvent', 'label': 'b6feaee7-8ff2-4a70-852c-a679f3dbe814', 'context': [<snowplow_tracker.self_describing_json.SelfDescribingJson object at 0x000001F4300B4C30>]}
[0m22:26:35.617157 [debug] [MainThread]: Databricks adapter: DatabricksDBTConnection(session-id=None, name=debug) - Creating connection
[0m22:26:35.617383 [debug] [MainThread]: Acquiring new databricks connection 'debug'
[0m22:26:35.617573 [debug] [MainThread]: Using databricks connection "debug"
[0m22:26:35.617812 [debug] [MainThread]: On debug: select 1 as id
[0m22:26:35.618001 [debug] [MainThread]: Opening a new connection, currently in state init
[0m22:26:36.471189 [debug] [MainThread]: Databricks adapter: Connection(session-id=01f126fe-f8ba-1bce-b4a0-dfb2516bd5ab) - Created
[0m22:26:58.398281 [debug] [MainThread]: SQL status: OK in 22.780 seconds
[0m22:26:58.400033 [debug] [MainThread]: Databricks adapter: Cursor(session-id=01f126fe-f8ba-1bce-b4a0-dfb2516bd5ab, command-id=01f126fe-f8e3-18fb-b4d3-0744ce1439ec) - Closing
[0m22:26:58.750656 [debug] [MainThread]: On debug: Close
[0m22:26:58.751550 [debug] [MainThread]: Databricks adapter: Connection(session-id=01f126fe-f8ba-1bce-b4a0-dfb2516bd5ab) - Closing
[0m22:26:58.904493 [info ] [MainThread]:   Connection test: [[32mOK connection ok[0m]

[0m22:26:58.905415 [info ] [MainThread]: [31m1 check failed:[0m
[0m22:26:58.905875 [info ] [MainThread]: Project loading failed for the following reason:
 project path <C:\Users\fsafi\personal_project\air_traffic_project\dbt_project.yml> not found

[0m22:26:58.906975 [debug] [MainThread]: Command `dbt debug` failed at 22:26:58.906817 after 25.13 seconds
[0m22:26:58.907535 [debug] [MainThread]: Sending event: {'category': 'dbt', 'action': 'invocation', 'label': 'end', 'context': [<snowplow_tracker.self_describing_json.SelfDescribingJson object at 0x000001F4300498C0>, <snowplow_tracker.self_describing_json.SelfDescribingJson object at 0x000001F4300499D0>, <snowplow_tracker.self_describing_json.SelfDescribingJson object at 0x000001F42FF7F950>]}
[0m22:26:58.908100 [debug] [MainThread]: Flushing usage events
[0m22:26:59.546868 [debug] [MainThread]: An error was encountered while trying to flush usage events
